  Determining projects to restore...
  All projects are up-to-date for restore.
  hft.core -> C:\hft_platform\core\hft.core\bin\Debug\net8.0\hft.core.dll
  hft.infra -> C:\hft_platform\infra\hft.infra\bin\Debug\net8.0\hft.infra.dll
C:\hft_platform\risk\Hft.Risk\RiskModels.cs(20,28): error CA1815: RiskCheckResult should override Equals (https://learn.microsoft.com/dotnet/fundamentals/code-analysis/quality-rules/ca1815) [C:\hft_platform\risk\Hft.Risk\Hft.Risk.csproj]
C:\hft_platform\risk\Hft.Risk\RiskModels.cs(20,28): error CA1815: RiskCheckResult should override the equality (==) and inequality (!=) operators (https://learn.microsoft.com/dotnet/fundamentals/code-analysis/quality-rules/ca1815) [C:\hft_platform\risk\Hft.Risk\Hft.Risk.csproj]

Build FAILED.

C:\hft_platform\risk\Hft.Risk\RiskModels.cs(20,28): error CA1815: RiskCheckResult should override Equals (https://learn.microsoft.com/dotnet/fundamentals/code-analysis/quality-rules/ca1815) [C:\hft_platform\risk\Hft.Risk\Hft.Risk.csproj]
C:\hft_platform\risk\Hft.Risk\RiskModels.cs(20,28): error CA1815: RiskCheckResult should override the equality (==) and inequality (!=) operators (https://learn.microsoft.com/dotnet/fundamentals/code-analysis/quality-rules/ca1815) [C:\hft_platform\risk\Hft.Risk\Hft.Risk.csproj]
    0 Warning(s)
    2 Error(s)

Time Elapsed 00:00:01.43
