  Determining projects to restore...
  All projects are up-to-date for restore.
  [INSTITUTIONAL] Ensuring no running Hft.Runner instances before build...
  [INSTITUTIONAL CLEANUP] No Hft.Runner processes running. Environment is clean.
  hft.core -> C:\hft_platform\core\hft.core\bin\Release\net8.0\hft.core.dll
  hft.feeds -> C:\hft_platform\feeds\hft.feeds\bin\Release\net8.0\hft.feeds.dll
  hft.infra -> C:\hft_platform\infra\hft.infra\bin\Release\net8.0\hft.infra.dll
  hft.strategies -> C:\hft_platform\strategies\hft.strategies\bin\Release\net8.0\hft.strategies.dll
  Hft.FIOS -> C:\hft_platform\src\Hft.FIOS\bin\Release\net8.0\Hft.FIOS.dll
  hft.risk -> C:\hft_platform\risk\hft.risk\bin\Release\net8.0\hft.risk.dll
  hft.execution -> C:\hft_platform\execution\hft.execution\bin\Release\net8.0\hft.execution.dll
  hft.backtest -> C:\hft_platform\backtest\hft.backtest\bin\Release\net8.0\hft.backtest.dll
C:\hft_platform\Hft.Runner\TradingEngine.cs(28,26): error CS0246: The type or namespace name 'MarketMakerStrategy' could not be found (are you missing a using directive or an assembly reference?) [C:\hft_platform\Hft.Runner\Hft.Runner.csproj]

Build FAILED.

C:\hft_platform\Hft.Runner\TradingEngine.cs(28,26): error CS0246: The type or namespace name 'MarketMakerStrategy' could not be found (are you missing a using directive or an assembly reference?) [C:\hft_platform\Hft.Runner\Hft.Runner.csproj]
    0 Warning(s)
    1 Error(s)

Time Elapsed 00:00:01.57
